// 2^64 -> switch to double.
.=1.844674407370955e+19
