// Comment for array
.=[]
// Comment within array
.[0]="one-element"
