.=[]
  // Simple comment
  
  /* C-Style comment 
    second linee
  */
